 CLEAR STORAGE 1     ,008015,022026,030037,044,049,053053N000000N00001026                                         1
 CLEAR STORAGE 2     L068116,105106,110117B101/I9I#071029C029056B026/B001/0991,001/001117I0?                      2
 BOOTSTRAP           ,008015,022029,036040,047054,061068,072/061039              ,0010011040                      3
0                          HELLOWORLD1.S 05/20/17 22:31:31                            -4691               PAGE    1
0 SEQ PG LIN  LABEL  OP    OPERANDS                                            SFX CT  LOCN  INSTRUCTION TYPE  CARD A-ADDR  B-ADDR

  101                JOB   HELLOWORLD1.S 05/20/17 22:31:31
  102         ***************************************************************************
  103         *     SSSSS = CARD SEQUENCE NUMBER          ********** = LABEL
  104         *     OPER- = OPERATION                     OPERATION--- = OPERATION
  105 SS SSS  **********OPER-OPERANDS----------------------------------------------------
  106         **********|****|***********************************************************
  107                CTL   6611  *6=16,000C;6=16,000T;1=OBJDECK;,1=MODADD
  108         *
  109         READ   EQU   001                                                         0001
  110         PUNCH  EQU   101                                                         0101
  111         PRINT  EQU   201                                                         0201
  112         *
  113                ORG   85                                                                 0085
  114                DCW   @X1@      *IDENTIFING FILLER                             2  0086                       4
  115         X1     DCW   000       *INDEX REGISTER 1                              3  0089                       4
  116                DCW   @X2@      *IDENTIFING FILLER                             2  0091                       4
  117         X2     DCW   000       *INDEX REGISTER 2                              3  0094                       4
  118                DCW   @X3@      *IDENTIFING FILLER                             2  0096                       4
  119         X3     DCW   000       *INDEX REGISTER 3                              3  0099                       4
  120         *
  121                ORG   340       *ORG JUST AFTER PRINT BUFFER                             0340
  122         *
  123         TEXT   DCW   @HELLO WORLD@                                           11  0350                       5
  124         START  MCW   TEXT,PRINT+10   *MOVE TEXT TO PRINT BUFFER               7  0351  M 350 211            5   350     211
  125                W                     *PRINT A LINE                            1  0358  2                    5
  126         EXIT   CS    332             *CLEAR PRINT STORAGE                     4  0359  / 332                5   332
  127                CS                    *CLEAR PRINT STORAGE                     1  0363  /                    5
  128                CS                    *CLEAR PUNCH STORAGE                     1  0364  /                    5
  129                CS                    *CLEAR READ STORAGE                      1  0365  /                    5
  130         *
  131                C     @SHAY@,14007    *WERE WE LOADED WITH THE LOADER?         7  0366  C 407 !0G            6   407   14007
  132                BE    14000           *YES WE WERE. TURN CONTROL BACK          5  0373  B !0? S              6 14000
  133         *         OTHERWISE.....       *TO THE LOADER
  134                NOP   999,999         *LOAD THE A AND B REGISTERS              7  0378  N 999 999            6   999     999
  135                H                     *HALT OR I WILL SHOOT                    1  0385  .                    6
  136         *
  137         *         GET READY TO BOOT FROM THE FOLLOWING DECK
  138         *
  139         *
  140                SW    001             *SET WORDMARK IN LOCATION 1              4  0386  , 001                6   001
  141         EXRED  R                     *READ FIRST CARD OF NEXT DECK            1  0390  1                    6
  142                BCE   001,001,,       *IS IT A COMMA?                          8  0391  B 001 001 ,          6   001     001
  143         *                              *BRANCH TO THE FIRST INSTRUCTION
  144                B     EXRED           *CHECK THE NEXT ONE                      4  0399  B 390                7   390
  145                NOP                                                            1  0403  N                    7
                     DCW   @SHAY@                                                   4  0407              LIT      7
  146                END   START                                                             / 351 080                351
1                                                                                                         PAGE    2
0SYMBOL   ADDRESS    SYMBOL   ADDRESS    SYMBOL   ADDRESS    SYMBOL   ADDRESS    SYMBOL   ADDRESS    SYMBOL   ADDRESS

 EXIT     0359: 0    EXRED    0390: 0    PRINT    0201: 0    PUNCH    0101: 0    READ     0001: 0    START    0351: 0   
 TEXT     0350: 0    X1       0089: 0    X2       0094: 0    X3       0099: 0   

0UNREFERENCED SYMBOLS

 EXIT   PUNCH  READ   X1     X2     X3
