=B024 =.=L%U1020R=B001L=.020=B056L=/000=H032=V0291001=L060005=B007=U%U1B=B020= CLR&BOOT                          =     ="
=L064362=N000=B007=MACRO TEST PROGRAM@ 09-25-2011               ="
=L037365=N000=B007=100               DCW  100                   ="
=L037368=N000=B007=200               DCW  200                   ="
=L037371=N000=B007=000               DCW  000                   ="
=L037374=N000=B007=MY                DCW  @MY @                 ="
=L039379=N000=B007=NAME              DCW  @NAME @               ="
=L037382=N000=B007=IS                DCW  @IS @                 ="
=L039387=N000=B007=FRED              DCW  @FRED @               ="
=L035388=N000=B007=N                 NOP                        ="
=L041395=N000=B007=M508099           MCW  @X1000X2000X300       ="
=L041402=N000=B007=,089094           SW   X1,X2                 ="
=L038406=N000=B007=,099              SW   X3                    ="
=L038410=N000=B007=/332              CS   332                   ="
=L038414=N000=B007=/299              CS   299                   ="
=L038418=N000=B007=,366              SW   A2-2                  ="
=L041425=N000=B007=A365368           A    A1,A2                 ="
=L038429=N000=B007=)366              CW   A2-2                  ="
=L041436=N000=B007=M387230           MCW  T4,230                ="
=L035437=N000=B007=M                 MCW                        ="
=L035438=N000=B007=M                 MCW                        ="
=L035439=N000=B007=M                 MCW                        ="
=L035440=N000=B007=2                 W                          ="
=L035441=N000=B007=2                 W                          ="
=L035442=)442=B007=S                 DC   @S@                   ="
=L041449=N000=B007=A509371           A    @1@,L1I               ="
=L041456=N000=B007=Y370371           MZ   L1I-1,L1I             ="
=L041463=N000=B007=C512371           C    @024@,L1I             ="
=L039468=N000=B007=B440T             BL   L1                    ="
=L038472=N000=B007=/332              CS   332                   ="
=L035473=N000=B007=/                 CS                         ="
=L035474=N000=B007=/                 CS                         ="
=L035475=N000=B007=/                 CS                         ="
=L038479=N000=B007=,001              SW   001                   ="
=L035480=N000=B007=1                 R                          ="
=L042488=N000=B007=B001001,          BCE  001,001,,             ="
=L038492=N000=B007=B480              B    NREAD                 ="
=L035493=N000=B007=N                 NOP                        ="
=L049508=N000=B007=X1000X2000X3000                              ="
=L035509=N000=B007=1                 DCW  @1@                   ="
=L037512=N000=B007=024               DCW  @024@                 ="
=/388080=                                                     ="
